Error type A at Line 3: wrong hex int 0x77G
Error type A at Line 4: wrong hex int 0xCS
Error type A at Line 7: wrong char '\x6u'
Error type A at Line 8: wrong char '\x910'
