Error type B at Line 3: Missing specifier
Error type B at Line 7: Missing Specifier and FunDec
