Program (1)
  IncludeList (1)
  ExtDefList (1)
    ExtDef (1)
      Specifier (1)
        TYPE: int
      FunDec (1)
        ID: main
        LP
        RP
      CompSt (2)
        LC
        DefList (3)
          Def (3)
            Specifier (3)
              TYPE: int
            DecList (3)
              Dec (3)
                VarDec (3)
                  ID: n
            SEMI
          DefList (1)
        StmtList (4)
          Stmt (4)
            Exp (4)
              Exp (4)
                ID: n
              ASSIGN
              Exp (4)
                READ
                LP
                RP
            SEMI
          StmtList (5)
            Stmt (5)
              IF
              LP
              Exp (5)
                Exp (5)
                  ID: n
                GT
                Exp (5)
                  INT: 0
              RP
              Stmt (5)
                Exp (5)
                  WRITE
                  LP
                  Exp (5)
                    INT: 1
                  RP
                SEMI
              ELSE
              Stmt (6)
                IF
                LP
                Exp (6)
                  Exp (6)
                    ID: n
                  LT
                  Exp (6)
                    INT: 0
                RP
                Stmt (6)
                  Exp (6)
                    WRITE
                    LP
                    Exp (6)
                      MINUS
                      Exp (6)
                        INT: 1
                    RP
                  SEMI
                ELSE
                Stmt (7)
                  Exp (7)
                    WRITE
                    LP
                    Exp (7)
                      INT: 0
                    RP
                  SEMI
            StmtList (8)
              Stmt (8)
                RETURN
                Exp (8)
                  INT: 0
                SEMI
              StmtList (1)
        RC
    ExtDefList (1)
